2025-06-07 23:21:57 INFO  o.s.o.j.LocalContainerEntityManagerFactoryBean - Closing JPA EntityManagerFactory for persistence unit 'default'
2025-06-07 23:21:57 INFO  com.zaxxer.hikari.HikariDataSource - HikariPool-1 - Shutdown initiated...
2025-06-07 23:21:58 INFO  com.zaxxer.hikari.HikariDataSource - HikariPool-1 - Shutdown completed.
2025-06-07 23:22:02 INFO  o.h.validator.internal.util.Version - HV000001: Hibernate Validator 8.0.1.Final
2025-06-07 23:22:03 INFO  c.t.p.PaydeukServerServiceApplication - Starting PaydeukServerServiceApplication using Java 17.0.14 with PID 37500 (C:\Users\3-21\Desktop\learning-git\15.paydeuk-server-service\paydeuk_server_service\out\production\classes started by 3-21 in C:\Users\3-21\Desktop\learning-git\15.paydeuk-server-service\paydeuk_server_service)
2025-06-07 23:22:03 INFO  c.t.p.PaydeukServerServiceApplication - No active profile set, falling back to 1 default profile: "default"
2025-06-07 23:22:05 INFO  o.s.d.r.c.RepositoryConfigurationDelegate - Multiple Spring Data modules found, entering strict repository configuration mode
2025-06-07 23:22:05 INFO  o.s.d.r.c.RepositoryConfigurationDelegate - Bootstrapping Spring Data JPA repositories in DEFAULT mode.
2025-06-07 23:22:06 INFO  o.s.d.r.c.RepositoryConfigurationDelegate - Finished Spring Data repository scanning in 821 ms. Found 6 JPA repository interfaces.
2025-06-07 23:22:06 INFO  o.s.d.r.c.RepositoryConfigurationDelegate - Multiple Spring Data modules found, entering strict repository configuration mode
2025-06-07 23:22:06 INFO  o.s.d.r.c.RepositoryConfigurationDelegate - Bootstrapping Spring Data Redis repositories in DEFAULT mode.
2025-06-07 23:22:06 INFO  o.s.d.r.c.RepositoryConfigurationExtensionSupport - Spring Data Redis - Could not safely identify store assignment for repository candidate interface com.tower_of_fisa.paydeuk_server_service.admin.repository.MerchantRepository; If you want this repository to be a Redis repository, consider annotating your entities with one of these annotations: org.springframework.data.redis.core.RedisHash (preferred), or consider extending one of the following types with your repository: org.springframework.data.keyvalue.repository.KeyValueRepository
2025-06-07 23:22:06 INFO  o.s.d.r.c.RepositoryConfigurationExtensionSupport - Spring Data Redis - Could not safely identify store assignment for repository candidate interface com.tower_of_fisa.paydeuk_server_service.admin.repository.PaymentRepository; If you want this repository to be a Redis repository, consider annotating your entities with one of these annotations: org.springframework.data.redis.core.RedisHash (preferred), or consider extending one of the following types with your repository: org.springframework.data.keyvalue.repository.KeyValueRepository
2025-06-07 23:22:06 INFO  o.s.d.r.c.RepositoryConfigurationExtensionSupport - Spring Data Redis - Could not safely identify store assignment for repository candidate interface com.tower_of_fisa.paydeuk_server_service.card.repository.CardRepository; If you want this repository to be a Redis repository, consider annotating your entities with one of these annotations: org.springframework.data.redis.core.RedisHash (preferred), or consider extending one of the following types with your repository: org.springframework.data.keyvalue.repository.KeyValueRepository
2025-06-07 23:22:06 INFO  o.s.d.r.c.RepositoryConfigurationExtensionSupport - Spring Data Redis - Could not safely identify store assignment for repository candidate interface com.tower_of_fisa.paydeuk_server_service.example.repository.ExampleRepository; If you want this repository to be a Redis repository, consider annotating your entities with one of these annotations: org.springframework.data.redis.core.RedisHash (preferred), or consider extending one of the following types with your repository: org.springframework.data.keyvalue.repository.KeyValueRepository
2025-06-07 23:22:06 INFO  o.s.d.r.c.RepositoryConfigurationExtensionSupport - Spring Data Redis - Could not safely identify store assignment for repository candidate interface com.tower_of_fisa.paydeuk_server_service.user.repository.UserRepository; If you want this repository to be a Redis repository, consider annotating your entities with one of these annotations: org.springframework.data.redis.core.RedisHash (preferred), or consider extending one of the following types with your repository: org.springframework.data.keyvalue.repository.KeyValueRepository
2025-06-07 23:22:06 INFO  o.s.d.r.c.RepositoryConfigurationExtensionSupport - Spring Data Redis - Could not safely identify store assignment for repository candidate interface com.tower_of_fisa.paydeuk_server_service.user_card.repository.UserCardRepository; If you want this repository to be a Redis repository, consider annotating your entities with one of these annotations: org.springframework.data.redis.core.RedisHash (preferred), or consider extending one of the following types with your repository: org.springframework.data.keyvalue.repository.KeyValueRepository
2025-06-07 23:22:06 INFO  o.s.d.r.c.RepositoryConfigurationDelegate - Finished Spring Data repository scanning in 12 ms. Found 0 Redis repository interfaces.
2025-06-07 23:22:07 INFO  o.s.b.w.e.tomcat.TomcatWebServer - Tomcat initialized with port 8081 (http)
2025-06-07 23:22:07 INFO  o.a.coyote.http11.Http11NioProtocol - Initializing ProtocolHandler ["http-nio-8081"]
2025-06-07 23:22:07 INFO  o.a.catalina.core.StandardService - Starting service [Tomcat]
2025-06-07 23:22:07 INFO  o.a.catalina.core.StandardEngine - Starting Servlet engine: [Apache Tomcat/10.1.25]
2025-06-07 23:22:07 INFO  o.a.c.c.C.[.[localhost].[/service] - Initializing Spring embedded WebApplicationContext
2025-06-07 23:22:07 INFO  o.s.b.w.s.c.ServletWebServerApplicationContext - Root WebApplicationContext: initialization completed in 4582 ms
2025-06-07 23:22:07 INFO  com.zaxxer.hikari.HikariDataSource - HikariPool-1 - Starting...
2025-06-07 23:22:09 INFO  com.zaxxer.hikari.pool.HikariPool - HikariPool-1 - Added connection com.mysql.cj.jdbc.ConnectionImpl@2d3bb944
2025-06-07 23:22:09 INFO  com.zaxxer.hikari.HikariDataSource - HikariPool-1 - Start completed.
2025-06-07 23:22:11 INFO  o.h.jpa.internal.util.LogHelper - HHH000204: Processing PersistenceUnitInfo [name: default]
2025-06-07 23:22:11 INFO  org.hibernate.Version - HHH000412: Hibernate ORM core version 6.5.2.Final
2025-06-07 23:22:11 INFO  o.h.c.i.RegionFactoryInitiator - HHH000026: Second-level cache disabled
2025-06-07 23:22:12 INFO  o.s.o.j.p.SpringPersistenceUnitInfo - No LoadTimeWeaver setup: ignoring JPA class transformer
2025-06-07 23:22:12 WARN  org.hibernate.orm.deprecation - HHH90000025: MySQL8Dialect does not need to be specified explicitly using 'hibernate.dialect' (remove the property setting and it will be selected by default)
2025-06-07 23:22:12 WARN  org.hibernate.orm.deprecation - HHH90000026: MySQL8Dialect has been deprecated; use org.hibernate.dialect.MySQLDialect instead
2025-06-07 23:22:14 INFO  o.h.e.t.j.p.i.JtaPlatformInitiator - HHH000489: No JTA platform available (set 'hibernate.transaction.jta.platform' to enable JTA platform integration)
2025-06-07 23:22:14 INFO  o.s.o.j.LocalContainerEntityManagerFactoryBean - Initialized JPA EntityManagerFactory for persistence unit 'default'
2025-06-07 23:22:14 INFO  o.s.d.j.r.query.QueryEnhancerFactory - Hibernate is in classpath; If applicable, HQL parser will be used.
2025-06-07 23:22:16 INFO  o.s.b.a.e.web.EndpointLinksResolver - Exposing 1 endpoint beneath base path '/actuator'
2025-06-07 23:22:16 WARN  o.s.b.a.o.j.JpaBaseConfiguration$JpaWebConfiguration - spring.jpa.open-in-view is enabled by default. Therefore, database queries may be performed during view rendering. Explicitly configure spring.jpa.open-in-view to disable this warning
2025-06-07 23:22:19 INFO  o.s.s.c.a.a.c.InitializeUserDetailsBeanManagerConfigurer$InitializeUserDetailsManagerConfigurer - Global AuthenticationManager configured with UserDetailsService bean with name customUserDetailsService
2025-06-07 23:22:19 INFO  org.redisson.Version - Redisson 3.19.0
2025-06-07 23:22:20 INFO  o.r.c.p.MasterPubSubConnectionPool - 1 connections initialized for 127.0.0.1/127.0.0.1:6379
2025-06-07 23:22:20 INFO  o.r.c.pool.MasterConnectionPool - 24 connections initialized for 127.0.0.1/127.0.0.1:6379
2025-06-07 23:22:20 INFO  o.a.coyote.http11.Http11NioProtocol - Starting ProtocolHandler ["http-nio-8081"]
2025-06-07 23:22:20 INFO  o.s.b.w.e.tomcat.TomcatWebServer - Tomcat started on port 8081 (http) with context path '/service'
2025-06-07 23:22:20 INFO  c.t.p.PaydeukServerServiceApplication - Started PaydeukServerServiceApplication in 18.932 seconds (process running for 20.45)
2025-06-07 23:22:21 INFO  o.a.c.c.C.[.[localhost].[/service] - Initializing Spring DispatcherServlet 'dispatcherServlet'
2025-06-07 23:22:21 INFO  o.s.web.servlet.DispatcherServlet - Initializing Servlet 'dispatcherServlet'
2025-06-07 23:22:21 INFO  o.s.web.servlet.DispatcherServlet - Completed initialization in 3 ms
2025-06-07 23:22:30 INFO  c.t.p.u.service.UserCardService - [addCard] userId=1, 카드사 API 요청 시작: http://localhost:8084/api/card/token/issue
2025-06-07 23:22:30 INFO  c.t.p.u.service.UserCardService - [addCard] 카드사 응답 수신 성공: response=CommonResponse(success=true, status=200 OK, message=카드 토큰 발급 성공, response=com.tower_of_fisa.paydeuk_server_service.user_card.dto.CardTokenResponse@4a19fc6c)
2025-06-07 23:37:10 INFO  c.t.p.u.service.UserCardService - startDate: null
2025-06-07 23:37:10 INFO  c.t.p.u.service.UserCardService - endDate: null
2025-06-07 23:37:11 INFO  c.t.p.u.service.UserCardService - startDate: null
2025-06-07 23:37:11 INFO  c.t.p.u.service.UserCardService - endDate: null
